Trace[1]: 4 Hold: Set[a[1], a[2]]
Trace[1]: 13 BuiltinDownValue: a[2]
Out[1]: a[2]
Trace[2]: 4 Hold: Set[a[2], a[3]]
Trace[2]: 13 BuiltinDownValue: a[3]
Out[2]: a[3]
Trace[3]: 4 Hold: Set[a[3], a[4]]
Trace[3]: 13 BuiltinDownValue: a[4]
Out[3]: a[4]
Trace[4]: 12 UserDownValue: a[2]
Trace[4]:   12 UserDownValue: a[3]
Trace[4]:     12 UserDownValue: a[4]
Out[4]: a[4]
