Trace[1]:   7 Flat: Plus[b, a]
Trace[1]:   9 Orderless: Plus[a, b]
Trace[1]:   7 Flat: Plus[a, b]
Trace[1]:   9 Orderless: Plus[a, b]
Trace[1]: 3 Arguments: Plus[a, Plus[a, b]]
Trace[1]: 7 Flat: Plus[a, a, b]
Trace[1]: 9 Orderless: Plus[a, a, b]
Trace[1]: 13 BuiltinDownValue: Plus[Times[2, a], b]
Trace[1]:   7 Flat: Times[2, a]
Trace[1]:   9 Orderless: Times[2, a]
Trace[1]: 7 Flat: Plus[Times[2, a], b]
Trace[1]: 9 Orderless: Plus[Times[2, a], b]
Out[1]: Plus[Times[2, a], b]
