Trace[1]:   7 Flat: Times[x, x]
Trace[1]:   9 Orderless: Times[x, x]
Trace[1]:   13 BuiltinDownValue: Power[x, 2]
Trace[1]:   7 Flat: Times[y, y]
Trace[1]:   9 Orderless: Times[y, y]
Trace[1]:   13 BuiltinDownValue: Power[y, 2]
Trace[1]: 3 Arguments: Plus[Power[x, 2], Power[y, 2]]
Trace[1]: 7 Flat: Plus[Power[x, 2], Power[y, 2]]
Trace[1]: 9 Orderless: Plus[Power[x, 2], Power[y, 2]]
Trace[1]: 7 Flat: Plus[Power[x, 2], Power[y, 2]]
Trace[1]: 9 Orderless: Plus[Power[x, 2], Power[y, 2]]
Out[1]: Plus[Power[x, 2], Power[y, 2]]
